// Jest Snapshot v1, https://goo.gl/fbAQLP

exports[`factory works 1`] = `
ConfigurationGroupPropertyBuilder {
  "allowDisable": false,
  "defaultValue": null,
  "description": "",
  "documentation": "",
  "dropdownOptions": Array [],
  "enabled": true,
  "filters": Array [],
  "icon": "",
  "id": "1234-5678-1234-5678",
  "identifier": "meh_value",
  "label": "meh",
  "layoutVariant": "CARD_COL_12",
  "properties": Array [],
  "required": false,
  "type": "BOOLEAN",
  "validations": Array [],
}
`;
