// Jest Snapshot v1, https://goo.gl/fbAQLP

exports[`renderComponent renders 1`] = `
Object {
  "": "{
name: \\"project\\"
}",
}
`;
